2026-09-02 23:10:26,935 - supermarket_analysis - INFO - 🚀 Supermarket Sales Pipeline শুরু হচ্ছে...
2026-09-02 23:10:26,935 - supermarket_analysis - INFO - ডেটা লোড করা শুরু: data/supermarket_sales.csv
2026-09-02 23:10:26,944 - supermarket_analysis - DEBUG - ফাইল সাইজ: 583995 বাইটস
2026-09-02 23:10:26,944 - supermarket_analysis - INFO - ✅ ডেটা সফলভাবে লোড হয়েছে। 1000 সারি, 17 কলাম।
2026-09-02 23:10:26,944 - supermarket_analysis - INFO - ডেটা ক্লিনিং শুরু...
2026-09-02 23:10:26,953 - supermarket_analysis - INFO - ✅ ডেটা ক্লিনিং সম্পন্ন হয়েছে।
2026-09-02 23:10:26,953 - supermarket_analysis - INFO - ফিচার ইঞ্জিনিয়ারিং: Day of Week যোগ করা হচ্ছে
2026-09-02 23:10:26,954 - supermarket_analysis - INFO - অ্যানালাইসিস চলছে...
2026-09-02 23:10:26,969 - supermarket_analysis - INFO - ভিজুয়ালাইজেশন তৈরি হচ্ছে...
2026-09-02 23:10:29,755 - supermarket_analysis - INFO - রিপোর্ট জেনারেট করা হচ্ছে...
2026-09-02 23:10:29,755 - supermarket_analysis - INFO - 📄 রিপোর্ট জেনারেশন শুরু...
2026-09-02 23:10:29,767 - supermarket_analysis - INFO - ✅ ক্লিন ডেটা সেভ হয়েছে: reports/cleaned_data.csv
2026-09-02 23:10:29,860 - supermarket_analysis - INFO - ✅ এক্সেল রিপোর্ট সেভ হয়েছে: reports/analysis_report.xlsx
2026-09-02 23:10:29,861 - supermarket_analysis - CRITICAL - 'Sales'
2026-09-02 23:42:47,117 - supermarket_analysis - INFO - 🚀 Supermarket Sales Pipeline শুরু হচ্ছে...
2026-09-02 23:42:47,117 - supermarket_analysis - INFO - ডেটা লোড করা শুরু: data/supermarket_sales.csv
2026-09-02 23:42:47,127 - supermarket_analysis - DEBUG - ফাইল সাইজ: 583995 বাইটস
2026-09-02 23:42:47,127 - supermarket_analysis - INFO - ✅ ডেটা সফলভাবে লোড হয়েছে। 1000 সারি, 17 কলাম।
2026-09-02 23:42:47,127 - supermarket_analysis - INFO - ডেটা ক্লিনিং শুরু...
2026-09-02 23:42:47,142 - supermarket_analysis - INFO - ✅ ডেটা ক্লিনিং সম্পন্ন হয়েছে।
2026-09-02 23:42:47,143 - supermarket_analysis - INFO - ফিচার ইঞ্জিনিয়ারিং: Day of Week যোগ করা হচ্ছে
2026-09-02 23:42:47,144 - supermarket_analysis - INFO - অ্যানালাইসিস চলছে...
2026-09-02 23:42:47,166 - supermarket_analysis - INFO - ভিজুয়ালাইজেশন তৈরি হচ্ছে...
2026-09-02 23:42:49,934 - supermarket_analysis - INFO - রিপোর্ট জেনারেট করা হচ্ছে...
2026-09-02 23:42:49,934 - supermarket_analysis - INFO - 📄 রিপোর্ট জেনারেশন শুরু...
2026-09-02 23:42:49,946 - supermarket_analysis - INFO - ✅ ক্লিন ডেটা সেভ হয়েছে: reports/cleaned_data.csv
2026-09-02 23:42:50,039 - supermarket_analysis - INFO - ✅ এক্সেল রিপোর্ট সেভ হয়েছে: reports/analysis_report.xlsx
2026-09-02 23:42:50,040 - supermarket_analysis - WARNING - Segmentation data issue: 'Segmentation columns not found'
2026-09-02 23:42:50,041 - supermarket_analysis - INFO - ✅ টেক্সট রিপোর্ট সেভ হয়েছে: reports/summary_report.txt
2026-09-02 23:42:50,041 - supermarket_analysis - INFO - ✅ সব রিপোর্ট তৈরি সম্পন্ন!
2026-09-02 23:42:50,041 - supermarket_analysis - INFO - ============================================================
2026-09-02 23:42:50,041 - supermarket_analysis - INFO - ব্যবসায়িক ইনসাইট রিপোর্ট
2026-09-02 23:42:50,041 - supermarket_analysis - INFO - ============================================================
2026-09-02 23:42:50,041 - supermarket_analysis - INFO - শাখা পারফরম্যান্স: Giza (সর্বোচ্চ: $110,568.71)
2026-09-02 23:42:50,041 - supermarket_analysis - INFO - পারেটো: 4 টি পণ্যライン ৮০% বিক্রি তৈরি করছে।
2026-09-02 23:42:50,042 - supermarket_analysis - INFO - সেরা দিন: Saturday ($56,120.81)
2026-09-02 23:42:50,042 - supermarket_analysis - INFO - হাই-ভ্যালু অর্ডার: 9 টি
2026-09-02 23:42:50,042 - supermarket_analysis - CRITICAL - 'Sales'
2026-09-02 23:50:35,011 - supermarket_analysis - INFO - 🚀 Supermarket Sales Pipeline শুরু হচ্ছে...
2026-09-02 23:50:35,011 - supermarket_analysis - INFO - ডেটা লোড করা শুরু: data/supermarket_sales.csv
2026-09-02 23:50:35,019 - supermarket_analysis - DEBUG - ফাইল সাইজ: 583995 বাইটস
2026-09-02 23:50:35,019 - supermarket_analysis - INFO - ✅ ডেটা সফলভাবে লোড হয়েছে। 1000 সারি, 17 কলাম।
2026-09-02 23:50:35,019 - supermarket_analysis - INFO - ডেটা ক্লিনিং শুরু...
2026-09-02 23:50:35,029 - supermarket_analysis - INFO - ✅ ডেটা ক্লিনিং সম্পন্ন হয়েছে।
2026-09-02 23:50:35,030 - supermarket_analysis - INFO - ফিচার ইঞ্জিনিয়ারিং: Day of Week যোগ করা হচ্ছে
2026-09-02 23:50:35,031 - supermarket_analysis - INFO - অ্যানালাইসিস চলছে...
2026-09-02 23:50:35,050 - supermarket_analysis - INFO - ভিজুয়ালাইজেশন তৈরি হচ্ছে...
2026-09-02 23:50:37,809 - supermarket_analysis - INFO - রিপোর্ট জেনারেট করা হচ্ছে...
2026-09-02 23:50:37,809 - supermarket_analysis - INFO - 📄 রিপোর্ট জেনারেশন শুরু...
2026-09-02 23:50:37,820 - supermarket_analysis - INFO - ✅ ক্লিন ডেটা সেভ হয়েছে: reports/cleaned_data.csv
2026-09-02 23:50:37,923 - supermarket_analysis - INFO - ✅ এক্সেল রিপোর্ট সেভ হয়েছে: reports/analysis_report.xlsx
2026-09-02 23:50:37,924 - supermarket_analysis - WARNING - Segmentation data issue: 'Segmentation columns not found'
2026-09-02 23:50:37,925 - supermarket_analysis - INFO - ✅ টেক্সট রিপোর্ট সেভ হয়েছে: reports/summary_report.txt
2026-09-02 23:50:37,925 - supermarket_analysis - INFO - ✅ সব রিপোর্ট তৈরি সম্পন্ন!
2026-09-02 23:50:37,925 - supermarket_analysis - INFO - ============================================================
2026-09-02 23:50:37,925 - supermarket_analysis - INFO - ব্যবসায়িক ইনসাইট রিপোর্ট
2026-09-02 23:50:37,925 - supermarket_analysis - INFO - ============================================================
2026-09-02 23:50:37,925 - supermarket_analysis - INFO - শাখা পারফরম্যান্স: Giza (সর্বোচ্চ: $110,568.71)
2026-09-02 23:50:37,925 - supermarket_analysis - INFO - পারেটো: 4 টি পণ্যライン ৮০% বিক্রি তৈরি করছে।
2026-09-02 23:50:37,926 - supermarket_analysis - INFO - সেরা দিন: Saturday ($56,120.81)
2026-09-02 23:50:37,926 - supermarket_analysis - INFO - হাই-ভ্যালু অর্ডার: 9 টি
2026-09-02 23:50:37,926 - supermarket_analysis - WARNING - Segmentation data issue: 'Segmentation columns not found'
2026-09-02 23:50:37,926 - supermarket_analysis - INFO - টপ সেগমেন্ট: ডেটা পাওয়া যায়নি
2026-09-02 23:50:37,926 - supermarket_analysis - INFO - ============================================================
2026-09-02 23:50:37,926 - supermarket_analysis - INFO - ✅ পুরো পাইপলাইন সফলভাবে সম্পন্ন হয়েছে!
